Archive member included because of file (symbol)

/home/michaelp/.pebble-sdk/SDKs/current/sdk-core/pebble/aplite/lib/libpebble.a(tmp7jpKUopebble.o)
                              src/c/Retro-Thirds-Pebble-Watchface.c.49.o (app_event_loop)

Discarded input sections

 .text          0x0000000000000000        0x0 /home/michaelp/.pebble-sdk/SDKs/4.9.77/toolchain/arm-none-eabi/bin/../lib/gcc/arm-none-eabi/4.7.2/thumb2/crti.o
 .bss           0x0000000000000000        0x0 /home/michaelp/.pebble-sdk/SDKs/4.9.77/toolchain/arm-none-eabi/bin/../lib/gcc/arm-none-eabi/4.7.2/thumb2/crti.o
 .init          0x0000000000000000        0x4 /home/michaelp/.pebble-sdk/SDKs/4.9.77/toolchain/arm-none-eabi/bin/../lib/gcc/arm-none-eabi/4.7.2/thumb2/crti.o
 .fini          0x0000000000000000        0x4 /home/michaelp/.pebble-sdk/SDKs/4.9.77/toolchain/arm-none-eabi/bin/../lib/gcc/arm-none-eabi/4.7.2/thumb2/crti.o
 .text          0x0000000000000000       0xc8 /home/michaelp/.pebble-sdk/SDKs/4.9.77/toolchain/arm-none-eabi/bin/../lib/gcc/arm-none-eabi/4.7.2/thumb2/crtbegin.o
 .bss           0x0000000000000000       0x1c /home/michaelp/.pebble-sdk/SDKs/4.9.77/toolchain/arm-none-eabi/bin/../lib/gcc/arm-none-eabi/4.7.2/thumb2/crtbegin.o
 .init_array    0x0000000000000000        0x4 /home/michaelp/.pebble-sdk/SDKs/4.9.77/toolchain/arm-none-eabi/bin/../lib/gcc/arm-none-eabi/4.7.2/thumb2/crtbegin.o
 .fini_array    0x0000000000000000        0x4 /home/michaelp/.pebble-sdk/SDKs/4.9.77/toolchain/arm-none-eabi/bin/../lib/gcc/arm-none-eabi/4.7.2/thumb2/crtbegin.o
 .eh_frame      0x0000000000000000        0x0 /home/michaelp/.pebble-sdk/SDKs/4.9.77/toolchain/arm-none-eabi/bin/../lib/gcc/arm-none-eabi/4.7.2/thumb2/crtbegin.o
 .jcr           0x0000000000000000        0x0 /home/michaelp/.pebble-sdk/SDKs/4.9.77/toolchain/arm-none-eabi/bin/../lib/gcc/arm-none-eabi/4.7.2/thumb2/crtbegin.o
 .tm_clone_table
                0x0000000000000000        0x0 /home/michaelp/.pebble-sdk/SDKs/4.9.77/toolchain/arm-none-eabi/bin/../lib/gcc/arm-none-eabi/4.7.2/thumb2/crtbegin.o
 .text          0x0000000000000000        0x0 src/c/Retro-Thirds-Pebble-Watchface.c.49.o
 .bss           0x0000000000000000        0x0 src/c/Retro-Thirds-Pebble-Watchface.c.49.o
 .text          0x0000000000000000        0x0 aplite/appinfo.auto.c.49.o
 .bss           0x0000000000000000        0x0 aplite/appinfo.auto.c.49.o
 .text          0x0000000000000000        0x0 aplite/src/resource_ids.auto.c.49.o
 .bss           0x0000000000000000        0x0 aplite/src/resource_ids.auto.c.49.o
 .data.RESOURCE_ID_ABDUCTION_48
                0x0000000000000000        0x4 aplite/src/resource_ids.auto.c.49.o
 .data.RESOURCE_ID_DOTMATRIBOLD_24
                0x0000000000000000        0x4 aplite/src/resource_ids.auto.c.49.o
 .data.RESOURCE_ID_PERFECT_DOS_18
                0x0000000000000000        0x4 aplite/src/resource_ids.auto.c.49.o
 .text          0x0000000000000000        0x0 src/message_keys.auto.c.49.o
 .bss           0x0000000000000000        0x0 src/message_keys.auto.c.49.o
 .bss           0x0000000000000000        0x0 /home/michaelp/.pebble-sdk/SDKs/current/sdk-core/pebble/aplite/lib/libpebble.a(tmp7jpKUopebble.o)
 .text.accel_data_service_subscribe__deprecated
                0x0000000000000000        0xc /home/michaelp/.pebble-sdk/SDKs/current/sdk-core/pebble/aplite/lib/libpebble.a(tmp7jpKUopebble.o)
 .text.accel_data_service_unsubscribe
                0x0000000000000000        0xc /home/michaelp/.pebble-sdk/SDKs/current/sdk-core/pebble/aplite/lib/libpebble.a(tmp7jpKUopebble.o)
 .text.accel_service_peek
                0x0000000000000000        0xc /home/michaelp/.pebble-sdk/SDKs/current/sdk-core/pebble/aplite/lib/libpebble.a(tmp7jpKUopebble.o)
 .text.accel_service_set_samples_per_update
                0x0000000000000000        0xc /home/michaelp/.pebble-sdk/SDKs/current/sdk-core/pebble/aplite/lib/libpebble.a(tmp7jpKUopebble.o)
 .text.accel_service_set_sampling_rate
                0x0000000000000000        0xc /home/michaelp/.pebble-sdk/SDKs/current/sdk-core/pebble/aplite/lib/libpebble.a(tmp7jpKUopebble.o)
 .text.accel_tap_service_subscribe
                0x0000000000000000        0xc /home/michaelp/.pebble-sdk/SDKs/current/sdk-core/pebble/aplite/lib/libpebble.a(tmp7jpKUopebble.o)
 .text.accel_tap_service_unsubscribe
                0x0000000000000000        0xc /home/michaelp/.pebble-sdk/SDKs/current/sdk-core/pebble/aplite/lib/libpebble.a(tmp7jpKUopebble.o)
 .text.action_bar_layer_legacy2_add_to_window
                0x0000000000000000        0xc /home/michaelp/.pebble-sdk/SDKs/current/sdk-core/pebble/aplite/lib/libpebble.a(tmp7jpKUopebble.o)
 .text.action_bar_layer_legacy2_clear_icon
                0x0000000000000000        0xc /home/michaelp/.pebble-sdk/SDKs/current/sdk-core/pebble/aplite/lib/libpebble.a(tmp7jpKUopebble.o)
 .text.action_bar_layer_legacy2_create
[...]
Memory Configuration

Name             Origin             Length             Attributes
APP              0x0000000000000000 0x0000000000006000 xrw
*default*        0x0000000000000000 0xffffffffffffffff

Linker script and memory map

LOAD /home/michaelp/.pebble-sdk/SDKs/4.9.77/toolchain/arm-none-eabi/bin/../lib/gcc/arm-none-eabi/4.7.2/thumb2/crti.o
LOAD /home/michaelp/.pebble-sdk/SDKs/4.9.77/toolchain/arm-none-eabi/bin/../lib/gcc/arm-none-eabi/4.7.2/thumb2/crtbegin.o
LOAD src/c/Retro-Thirds-Pebble-Watchface.c.49.o
LOAD aplite/appinfo.auto.c.49.o
LOAD aplite/src/resource_ids.auto.c.49.o
LOAD src/message_keys.auto.c.49.o
LOAD /home/michaelp/.pebble-sdk/SDKs/current/sdk-core/pebble/aplite/lib/libpebble.a
START GROUP
LOAD /home/michaelp/.pebble-sdk/SDKs/4.9.77/toolchain/arm-none-eabi/bin/../lib/gcc/arm-none-eabi/4.7.2/thumb2/libgcc.a
LOAD /home/michaelp/.pebble-sdk/SDKs/4.9.77/toolchain/arm-none-eabi/bin/../lib/gcc/arm-none-eabi/4.7.2/../../../../arm-none-eabi/lib/thumb2/libc.a
END GROUP
LOAD /home/michaelp/.pebble-sdk/SDKs/4.9.77/toolchain/arm-none-eabi/bin/../lib/gcc/arm-none-eabi/4.7.2/thumb2/crtend.o
LOAD /home/michaelp/.pebble-sdk/SDKs/4.9.77/toolchain/arm-none-eabi/bin/../lib/gcc/arm-none-eabi/4.7.2/thumb2/crtn.o

.header         0x0000000000000000       0x82
 *(.pbl_header)
 .pbl_header    0x0000000000000000       0x82 aplite/appinfo.auto.c.49.o
                0x0000000000000000                __pbl_app_info

.note.gnu.build-id
                0x0000000000000082       0x26
                0x0000000000000082                PROVIDE (BUILD_ID, .)
 *(.note.gnu.build-id)
 *fill*         0x0000000000000082        0x2 
 .note.gnu.build-id
                0x0000000000000084       0x24 linker stubs

.text           0x00000000000000a8      0xa98
 *(.text)
 .text          0x00000000000000a8       0x14 /home/michaelp/.pebble-sdk/SDKs/current/sdk-core/pebble/aplite/lib/libpebble.a(tmp7jpKUopebble.o)
 *(.text.*)
 .text.updateTime
                0x00000000000000bc       0x7c src/c/Retro-Thirds-Pebble-Watchface.c.49.o
 .text.outbox_sent_callback
                0x0000000000000138       0x18 src/c/Retro-Thirds-Pebble-Watchface.c.49.o
 .text.outbox_failed_callback
                0x0000000000000150       0x18 src/c/Retro-Thirds-Pebble-Watchface.c.49.o
 .text.inbox_dropped_callback
                0x0000000000000168       0x18 src/c/Retro-Thirds-Pebble-Watchface.c.49.o
 .text.inbox_received_callback
                0x0000000000000180       0xe0 src/c/Retro-Thirds-Pebble-Watchface.c.49.o
 .text.updateBatteryAndBT
                0x0000000000000260       0x64 src/c/Retro-Thirds-Pebble-Watchface.c.49.o
 .text.bt_handler
                0x00000000000002c4       0x10 src/c/Retro-Thirds-Pebble-Watchface.c.49.o
 .text.battery_handler
                0x00000000000002d4       0x14 src/c/Retro-Thirds-Pebble-Watchface.c.49.o
 .text.tick_handler
                0x00000000000002e8       0x1c src/c/Retro-Thirds-Pebble-Watchface.c.49.o
 .text.main_window_unload
                0x0000000000000304       0x84 src/c/Retro-Thirds-Pebble-Watchface.c.49.o
 .text.main_window_load
                0x0000000000000388      0x334 src/c/Retro-Thirds-Pebble-Watchface.c.49.o
 .text.bottomThirdBgColor_proc
                0x00000000000006bc       0x30 src/c/Retro-Thirds-Pebble-Watchface.c.49.o
 .text.topThirdBgColor_proc
                0x00000000000006ec       0x30 src/c/Retro-Thirds-Pebble-Watchface.c.49.o
 .text.startup.main
                0x000000000000071c      0x104 src/c/Retro-Thirds-Pebble-Watchface.c.49.o
                0x000000000000071c                main
 .text.app_event_loop
                0x0000000000000820        0xc /home/michaelp/.pebble-sdk/SDKs/current/sdk-core/pebble/aplite/lib/libpebble.a(tmp7jpKUopebble.o)
                0x0000000000000820                app_event_loop
 .text.app_log  0x000000000000082c        0xc /home/michaelp/.pebble-sdk/SDKs/current/sdk-core/pebble/aplite/lib/libpebble.a(tmp7jpKUopebble.o)
                0x000000000000082c                app_log
 .text.app_message_open
                0x0000000000000838        0xc /home/michaelp/.pebble-sdk/SDKs/current/sdk-core/pebble/aplite/lib/libpebble.a(tmp7jpKUopebble.o)
                0x0000000000000838                app_message_open
 .text.battery_state_service_peek
                0x0000000000000844        0xc /home/michaelp/.pebble-sdk/SDKs/current/sdk-core/pebble/aplite/lib/libpebble.a(tmp7jpKUopebble.o)
                0x0000000000000844                battery_state_service_peek
 .text.battery_state_service_subscribe
                0x0000000000000850        0xc /home/michaelp/.pebble-sdk/SDKs/current/sdk-core/pebble/aplite/lib/libpebble.a(tmp7jpKUopebble.o)
                0x0000000000000850                battery_state_service_subscribe
 .text.battery_state_service_unsubscribe
                0x000000000000085c        0xc /home/michaelp/.pebble-sdk/SDKs/current/sdk-core/pebble/aplite/lib/libpebble.a(tmp7jpKUopebble.o)
                0x000000000000085c                battery_state_service_unsubscribe
 .text.bluetooth_connection_service_peek
                0x0000000000000868        0xc /home/michaelp/.pebble-sdk/SDKs/current/sdk-core/pebble/aplite/lib/libpebble.a(tmp7jpKUopebble.o)
                0x0000000000000868                bluetooth_connection_service_peek
 .text.bluetooth_connection_service_subscribe
                0x0000000000000874        0xc /home/michaelp/.pebble-sdk/SDKs/current/sdk-core/pebble/aplite/lib/libpebble.a(tmp7jpKUopebble.o)
                0x0000000000000874                bluetooth_connection_service_subscribe
 .text.bluetooth_connection_service_unsubscribe
                0x0000000000000880        0xc /home/michaelp/.pebble-sdk/SDKs/current/sdk-core/pebble/aplite/lib/libpebble.a(tmp7jpKUopebble.o)
                0x0000000000000880                bluetooth_connection_service_unsubscribe
 .text.clock_is_24h_style
                0x000000000000088c        0xc /home/michaelp/.pebble-sdk/SDKs/current/sdk-core/pebble/aplite/lib/libpebble.a(tmp7jpKUopebble.o)
                0x000000000000088c                clock_is_24h_style
 .text.dict_find
                0x0000000000000898        0xc /home/michaelp/.pebble-sdk/SDKs/current/sdk-core/pebble/aplite/lib/libpebble.a(tmp7jpKUopebble.o)
                0x0000000000000898                dict_find
 .text.dict_write_uint8
                0x00000000000008a4        0xc /home/michaelp/.pebble-sdk/SDKs/current/sdk-core/pebble/aplite/lib/libpebble.a(tmp7jpKUopebble.o)
                0x00000000000008a4                dict_write_uint8
 .text.fonts_load_custom_font
                0x00000000000008b0        0xc /home/michaelp/.pebble-sdk/SDKs/current/sdk-core/pebble/aplite/lib/libpebble.a(tmp7jpKUopebble.o)
                0x00000000000008b0                fonts_load_custom_font
 .text.fonts_unload_custom_font
                0x00000000000008bc        0xc /home/michaelp/.pebble-sdk/SDKs/current/sdk-core/pebble/aplite/lib/libpebble.a(tmp7jpKUopebble.o)
                0x00000000000008bc                fonts_unload_custom_font
 .text.graphics_fill_rect
                0x00000000000008c8        0xc /home/michaelp/.pebble-sdk/SDKs/current/sdk-core/pebble/aplite/lib/libpebble.a(tmp7jpKUopebble.o)
                0x00000000000008c8                graphics_fill_rect
 .text.layer_add_child
                0x00000000000008d4        0xc /home/michaelp/.pebble-sdk/SDKs/current/sdk-core/pebble/aplite/lib/libpebble.a(tmp7jpKUopebble.o)
                0x00000000000008d4                layer_add_child
 .text.layer_create
                0x00000000000008e0        0xc /home/michaelp/.pebble-sdk/SDKs/current/sdk-core/pebble/aplite/lib/libpebble.a(tmp7jpKUopebble.o)
                0x00000000000008e0                layer_create
 .text.layer_destroy
                0x00000000000008ec        0xc /home/michaelp/.pebble-sdk/SDKs/current/sdk-core/pebble/aplite/lib/libpebble.a(tmp7jpKUopebble.o)
                0x00000000000008ec                layer_destroy
 .text.layer_get_bounds
                0x00000000000008f8        0xc /home/michaelp/.pebble-sdk/SDKs/current/sdk-core/pebble/aplite/lib/libpebble.a(tmp7jpKUopebble.o)
                0x00000000000008f8                layer_get_bounds
 .text.layer_set_update_proc
                0x0000000000000904        0xc /home/michaelp/.pebble-sdk/SDKs/current/sdk-core/pebble/aplite/lib/libpebble.a(tmp7jpKUopebble.o)
                0x0000000000000904                layer_set_update_proc
 .text.memset   0x0000000000000910        0xc /home/michaelp/.pebble-sdk/SDKs/current/sdk-core/pebble/aplite/lib/libpebble.a(tmp7jpKUopebble.o)
                0x0000000000000910                memset
 .text.resource_get_handle
                0x000000000000091c        0xc /home/michaelp/.pebble-sdk/SDKs/current/sdk-core/pebble/aplite/lib/libpebble.a(tmp7jpKUopebble.o)
                0x000000000000091c                resource_get_handle
 .text.snprintf
                0x0000000000000928        0xc /home/michaelp/.pebble-sdk/SDKs/current/sdk-core/pebble/aplite/lib/libpebble.a(tmp7jpKUopebble.o)
                0x0000000000000928                snprintf
 .text.strftime
                0x0000000000000934        0xc /home/michaelp/.pebble-sdk/SDKs/current/sdk-core/pebble/aplite/lib/libpebble.a(tmp7jpKUopebble.o)
                0x0000000000000934                strftime
 .text.tick_timer_service_subscribe
                0x0000000000000940        0xc /home/michaelp/.pebble-sdk/SDKs/current/sdk-core/pebble/aplite/lib/libpebble.a(tmp7jpKUopebble.o)
                0x0000000000000940                tick_timer_service_subscribe
 .text.tick_timer_service_unsubscribe
                0x000000000000094c        0xc /home/michaelp/.pebble-sdk/SDKs/current/sdk-core/pebble/aplite/lib/libpebble.a(tmp7jpKUopebble.o)
                0x000000000000094c                tick_timer_service_unsubscribe
 .text.window_create
                0x0000000000000958        0xc /home/michaelp/.pebble-sdk/SDKs/current/sdk-core/pebble/aplite/lib/libpebble.a(tmp7jpKUopebble.o)
                0x0000000000000958                window_create
 .text.window_destroy
                0x0000000000000964        0xc /home/michaelp/.pebble-sdk/SDKs/current/sdk-core/pebble/aplite/lib/libpebble.a(tmp7jpKUopebble.o)
                0x0000000000000964                window_destroy
 .text.window_get_root_layer
                0x0000000000000970        0xc /home/michaelp/.pebble-sdk/SDKs/current/sdk-core/pebble/aplite/lib/libpebble.a(tmp7jpKUopebble.o)
                0x0000000000000970                window_get_root_layer
 .text.window_set_window_handlers
                0x000000000000097c        0xc /home/michaelp/.pebble-sdk/SDKs/current/sdk-core/pebble/aplite/lib/libpebble.a(tmp7jpKUopebble.o)
                0x000000000000097c                window_set_window_handlers
 .text.window_stack_push
                0x0000000000000988        0xc /home/michaelp/.pebble-sdk/SDKs/current/sdk-core/pebble/aplite/lib/libpebble.a(tmp7jpKUopebble.o)
                0x0000000000000988                window_stack_push
 .text.app_message_outbox_begin
                0x0000000000000994        0xc /home/michaelp/.pebble-sdk/SDKs/current/sdk-core/pebble/aplite/lib/libpebble.a(tmp7jpKUopebble.o)
                0x0000000000000994                app_message_outbox_begin
 .text.app_message_outbox_send
                0x00000000000009a0        0xc /home/michaelp/.pebble-sdk/SDKs/current/sdk-core/pebble/aplite/lib/libpebble.a(tmp7jpKUopebble.o)
                0x00000000000009a0                app_message_outbox_send
 .text.app_message_register_inbox_dropped
                0x00000000000009ac        0xc /home/michaelp/.pebble-sdk/SDKs/current/sdk-core/pebble/aplite/lib/libpebble.a(tmp7jpKUopebble.o)
                0x00000000000009ac                app_message_register_inbox_dropped
 .text.app_message_register_inbox_received
                0x00000000000009b8        0xc /home/michaelp/.pebble-sdk/SDKs/current/sdk-core/pebble/aplite/lib/libpebble.a(tmp7jpKUopebble.o)
                0x00000000000009b8                app_message_register_inbox_received
 .text.app_message_register_outbox_failed
                0x00000000000009c4        0xc /home/michaelp/.pebble-sdk/SDKs/current/sdk-core/pebble/aplite/lib/libpebble.a(tmp7jpKUopebble.o)
                0x00000000000009c4                app_message_register_outbox_failed
 .text.app_message_register_outbox_sent
                0x00000000000009d0        0xc /home/michaelp/.pebble-sdk/SDKs/current/sdk-core/pebble/aplite/lib/libpebble.a(tmp7jpKUopebble.o)
                0x00000000000009d0                app_message_register_outbox_sent
 .text.graphics_context_set_fill_color
                0x00000000000009dc        0xc /home/michaelp/.pebble-sdk/SDKs/current/sdk-core/pebble/aplite/lib/libpebble.a(tmp7jpKUopebble.o)
                0x00000000000009dc                graphics_context_set_fill_color
 .text.localtime
                0x00000000000009e8        0xc /home/michaelp/.pebble-sdk/SDKs/current/sdk-core/pebble/aplite/lib/libpebble.a(tmp7jpKUopebble.o)
                0x00000000000009e8                localtime
 .text.text_layer_create
                0x00000000000009f4        0xc /home/michaelp/.pebble-sdk/SDKs/current/sdk-core/pebble/aplite/lib/libpebble.a(tmp7jpKUopebble.o)
                0x00000000000009f4                text_layer_create
 .text.text_layer_destroy
                0x0000000000000a00        0xc /home/michaelp/.pebble-sdk/SDKs/current/sdk-core/pebble/aplite/lib/libpebble.a(tmp7jpKUopebble.o)
                0x0000000000000a00                text_layer_destroy
 .text.text_layer_get_layer
                0x0000000000000a0c        0xc /home/michaelp/.pebble-sdk/SDKs/current/sdk-core/pebble/aplite/lib/libpebble.a(tmp7jpKUopebble.o)
                0x0000000000000a0c                text_layer_get_layer
 .text.text_layer_set_background_color
                0x0000000000000a18        0xc /home/michaelp/.pebble-sdk/SDKs/current/sdk-core/pebble/aplite/lib/libpebble.a(tmp7jpKUopebble.o)
                0x0000000000000a18                text_layer_set_background_color
 .text.text_layer_set_font
                0x0000000000000a24        0xc /home/michaelp/.pebble-sdk/SDKs/current/sdk-core/pebble/aplite/lib/libpebble.a(tmp7jpKUopebble.o)
                0x0000000000000a24                text_layer_set_font
 .text.text_layer_set_text
                0x0000000000000a30        0xc /home/michaelp/.pebble-sdk/SDKs/current/sdk-core/pebble/aplite/lib/libpebble.a(tmp7jpKUopebble.o)
                0x0000000000000a30                text_layer_set_text
 .text.text_layer_set_text_alignment
                0x0000000000000a3c        0xc /home/michaelp/.pebble-sdk/SDKs/current/sdk-core/pebble/aplite/lib/libpebble.a(tmp7jpKUopebble.o)
                0x0000000000000a3c                text_layer_set_text_alignment
 .text.text_layer_set_text_color
                0x0000000000000a48        0xc /home/michaelp/.pebble-sdk/SDKs/current/sdk-core/pebble/aplite/lib/libpebble.a(tmp7jpKUopebble.o)
                0x0000000000000a48                text_layer_set_text_color
 .text.time     0x0000000000000a54        0xc /home/michaelp/.pebble-sdk/SDKs/current/sdk-core/pebble/aplite/lib/libpebble.a(tmp7jpKUopebble.o)
                0x0000000000000a54                time
 *(.rodata)
 *(.rodata*)
 .rodata.str1.1
                0x0000000000000a60       0xe0 src/c/Retro-Thirds-Pebble-Watchface.c.49.o
                                         0xe3 (size before relaxing)

.glue_7         0x0000000000000b40        0x0
 .glue_7        0x0000000000000000        0x0 linker stubs

.glue_7t        0x0000000000000b40        0x0
 .glue_7t       0x0000000000000000        0x0 linker stubs

.vfp11_veneer   0x0000000000000b40        0x0
 .vfp11_veneer  0x0000000000000000        0x0 linker stubs

.v4_bx          0x0000000000000b40        0x0
 .v4_bx         0x0000000000000000        0x0 linker stubs

.iplt           0x0000000000000b40        0x0
 .iplt          0x0000000000000000        0x0 /home/michaelp/.pebble-sdk/SDKs/4.9.77/toolchain/arm-none-eabi/bin/../lib/gcc/arm-none-eabi/4.7.2/thumb2/crtbegin.o

.rel.dyn        0x0000000000000b40        0x0
 .rel.iplt      0x0000000000000000        0x0 /home/michaelp/.pebble-sdk/SDKs/4.9.77/toolchain/arm-none-eabi/bin/../lib/gcc/arm-none-eabi/4.7.2/thumb2/crtbegin.o
 .rel.got       0x0000000000000000        0x0 /home/michaelp/.pebble-sdk/SDKs/4.9.77/toolchain/arm-none-eabi/bin/../lib/gcc/arm-none-eabi/4.7.2/thumb2/crtbegin.o

.data           0x0000000000000b40       0x18
 *(.data)
 .data          0x0000000000000b40        0x0 /home/michaelp/.pebble-sdk/SDKs/4.9.77/toolchain/arm-none-eabi/bin/../lib/gcc/arm-none-eabi/4.7.2/thumb2/crti.o
 .data          0x0000000000000b40        0x4 /home/michaelp/.pebble-sdk/SDKs/4.9.77/toolchain/arm-none-eabi/bin/../lib/gcc/arm-none-eabi/4.7.2/thumb2/crtbegin.o
                0x0000000000000b40                __dso_handle
 .data          0x0000000000000b44        0x0 src/c/Retro-Thirds-Pebble-Watchface.c.49.o
 .data          0x0000000000000b44        0x0 aplite/appinfo.auto.c.49.o
 .data          0x0000000000000b44        0x0 aplite/src/resource_ids.auto.c.49.o
 .data          0x0000000000000b44        0x0 src/message_keys.auto.c.49.o
 .data          0x0000000000000b44        0x0 /home/michaelp/.pebble-sdk/SDKs/current/sdk-core/pebble/aplite/lib/libpebble.a(tmp7jpKUopebble.o)
 .data          0x0000000000000b44        0x0 /home/michaelp/.pebble-sdk/SDKs/4.9.77/toolchain/arm-none-eabi/bin/../lib/gcc/arm-none-eabi/4.7.2/thumb2/crtend.o
 .data          0x0000000000000b44        0x0 /home/michaelp/.pebble-sdk/SDKs/4.9.77/toolchain/arm-none-eabi/bin/../lib/gcc/arm-none-eabi/4.7.2/thumb2/crtn.o
 *(.data.*)
 .data.MESSAGE_KEY_TEMPERATUREMIN
                0x0000000000000b44        0x4 src/message_keys.auto.c.49.o
                0x0000000000000b44                MESSAGE_KEY_TEMPERATUREMIN
 .data.MESSAGE_KEY_TEMPERATUREMAX
                0x0000000000000b48        0x4 src/message_keys.auto.c.49.o
                0x0000000000000b48                MESSAGE_KEY_TEMPERATUREMAX
 .data.MESSAGE_KEY_CONDITIONSDESC
                0x0000000000000b4c        0x4 src/message_keys.auto.c.49.o
                0x0000000000000b4c                MESSAGE_KEY_CONDITIONSDESC
 .data.MESSAGE_KEY_TEMPERATURE
                0x0000000000000b50        0x4 src/message_keys.auto.c.49.o
                0x0000000000000b50                MESSAGE_KEY_TEMPERATURE
 .data.MESSAGE_KEY_CONDITIONS
                0x0000000000000b54        0x4 src/message_keys.auto.c.49.o
                0x0000000000000b54                MESSAGE_KEY_CONDITIONS

.igot.plt       0x0000000000000b58        0x0
 .igot.plt      0x0000000000000000        0x0 /home/michaelp/.pebble-sdk/SDKs/4.9.77/toolchain/arm-none-eabi/bin/../lib/gcc/arm-none-eabi/4.7.2/thumb2/crtbegin.o

.got            0x0000000000000b58       0x14
 .got           0x0000000000000b58       0x14 /home/michaelp/.pebble-sdk/SDKs/4.9.77/toolchain/arm-none-eabi/bin/../lib/gcc/arm-none-eabi/4.7.2/thumb2/crtbegin.o

.got.plt        0x0000000000000b6c        0xc
 .got.plt       0x0000000000000b6c        0xc /home/michaelp/.pebble-sdk/SDKs/4.9.77/toolchain/arm-none-eabi/bin/../lib/gcc/arm-none-eabi/4.7.2/thumb2/crtbegin.o
                0x0000000000000b6c                _GLOBAL_OFFSET_TABLE_

.bss            0x0000000000000b78       0xaa
 *(.bss)
 *(.bss.*)
 .bss.sMainWindow
                0x0000000000000b78        0x4 src/c/Retro-Thirds-Pebble-Watchface.c.49.o
 .bss.sTextFont
                0x0000000000000b7c        0x4 src/c/Retro-Thirds-Pebble-Watchface.c.49.o
 .bss.sTimeBuffer.7507
                0x0000000000000b80        0x8 src/c/Retro-Thirds-Pebble-Watchface.c.49.o
 .bss.sTimeTextLayer
                0x0000000000000b88        0x4 src/c/Retro-Thirds-Pebble-Watchface.c.49.o
 .bss.conditionsBuffer.7552
                0x0000000000000b8c       0x20 src/c/Retro-Thirds-Pebble-Watchface.c.49.o
 .bss.weatherTextColor
                0x0000000000000bac        0x1 src/c/Retro-Thirds-Pebble-Watchface.c.49.o
 .bss.temperatureBuffer.7549
                0x0000000000000bad        0x8 src/c/Retro-Thirds-Pebble-Watchface.c.49.o
 .bss.sDateBuffer.7508
                0x0000000000000bb5        0xc src/c/Retro-Thirds-Pebble-Watchface.c.49.o
 *fill*         0x0000000000000bc1        0x3 
 .bss.sWeatherTextLayer
                0x0000000000000bc4        0x4 src/c/Retro-Thirds-Pebble-Watchface.c.49.o
 .bss.weatherStringBuffer.7554
                0x0000000000000bc8       0x20 src/c/Retro-Thirds-Pebble-Watchface.c.49.o
 .bss.s_battery_buffer.7502
                0x0000000000000be8       0x10 src/c/Retro-Thirds-Pebble-Watchface.c.49.o
 .bss.sTemperatureTextLayer
                0x0000000000000bf8        0x4 src/c/Retro-Thirds-Pebble-Watchface.c.49.o
 .bss.sBgBottomLayer
                0x0000000000000bfc        0x4 src/c/Retro-Thirds-Pebble-Watchface.c.49.o
 .bss.timeTextColor
                0x0000000000000c00        0x1 src/c/Retro-Thirds-Pebble-Watchface.c.49.o
 *fill*         0x0000000000000c01        0x3 
 .bss.sDayTextLayer
                0x0000000000000c04        0x4 src/c/Retro-Thirds-Pebble-Watchface.c.49.o
 .bss.bgMiddleColor
                0x0000000000000c08        0x1 src/c/Retro-Thirds-Pebble-Watchface.c.49.o
 .bss.bgBottomColor
                0x0000000000000c09        0x1 src/c/Retro-Thirds-Pebble-Watchface.c.49.o
 *fill*         0x0000000000000c0a        0x2 
 .bss.sBgTopLayer
                0x0000000000000c0c        0x4 src/c/Retro-Thirds-Pebble-Watchface.c.49.o
 .bss.dateTextColor
                0x0000000000000c10        0x1 src/c/Retro-Thirds-Pebble-Watchface.c.49.o
 *fill*         0x0000000000000c11        0x3 
 .bss.sBattBtTextLayer
                0x0000000000000c14        0x4 src/c/Retro-Thirds-Pebble-Watchface.c.49.o
 .bss.sTimeFont
                0x0000000000000c18        0x4 src/c/Retro-Thirds-Pebble-Watchface.c.49.o
 .bss.sBatteryLevel
                0x0000000000000c1c        0x4 src/c/Retro-Thirds-Pebble-Watchface.c.49.o
 .bss.bgTopColor
                0x0000000000000c20        0x1 src/c/Retro-Thirds-Pebble-Watchface.c.49.o
 .bss.sBTConnected
                0x0000000000000c21        0x1 src/c/Retro-Thirds-Pebble-Watchface.c.49.o

DISCARD
 libc.a(*)
 libm.a(*)
 libgcc.a(*)
 *(.eh_frame)
OUTPUT(/mnt/Babel/Documents/Projects/Pebble/Retro-Thirds-Pebble-Watchface/build/aplite/pebble-app.elf elf32-littlearm)

.ARM.attributes
                0x0000000000000000       0x27
 .ARM.attributes
                0x0000000000000000       0x19 /home/michaelp/.pebble-sdk/SDKs/4.9.77/toolchain/arm-none-eabi/bin/../lib/gcc/arm-none-eabi/4.7.2/thumb2/crti.o
 .ARM.attributes
                0x0000000000000019       0x29 /home/michaelp/.pebble-sdk/SDKs/4.9.77/toolchain/arm-none-eabi/bin/../lib/gcc/arm-none-eabi/4.7.2/thumb2/crtbegin.o
 .ARM.attributes
                0x0000000000000042       0x33 src/c/Retro-Thirds-Pebble-Watchface.c.49.o
 .ARM.attributes
                0x0000000000000075       0x33 aplite/appinfo.auto.c.49.o
 .ARM.attributes
                0x00000000000000a8       0x33 aplite/src/resource_ids.auto.c.49.o
 .ARM.attributes
                0x00000000000000db       0x33 src/message_keys.auto.c.49.o
 .ARM.attributes
                0x000000000000010e       0x21 /home/michaelp/.pebble-sdk/SDKs/current/sdk-core/pebble/aplite/lib/libpebble.a(tmp7jpKUopebble.o)
 .ARM.attributes
                0x000000000000012f       0x29 /home/michaelp/.pebble-sdk/SDKs/4.9.77/toolchain/arm-none-eabi/bin/../lib/gcc/arm-none-eabi/4.7.2/thumb2/crtend.o
 .ARM.attributes
                0x0000000000000158       0x19 /home/michaelp/.pebble-sdk/SDKs/4.9.77/toolchain/arm-none-eabi/bin/../lib/gcc/arm-none-eabi/4.7.2/thumb2/crtn.o

.comment        0x0000000000000000       0x4e
 .comment       0x0000000000000000       0x4e /home/michaelp/.pebble-sdk/SDKs/4.9.77/toolchain/arm-none-eabi/bin/../lib/gcc/arm-none-eabi/4.7.2/thumb2/crtbegin.o
                                         0x4f (size before relaxing)
 .comment       0x0000000000000000       0x4f src/c/Retro-Thirds-Pebble-Watchface.c.49.o
 .comment       0x0000000000000000       0x4f aplite/appinfo.auto.c.49.o
 .comment       0x0000000000000000       0x4f aplite/src/resource_ids.auto.c.49.o
 .comment       0x0000000000000000       0x4f src/message_keys.auto.c.49.o
 .comment       0x0000000000000000       0x4f /home/michaelp/.pebble-sdk/SDKs/4.9.77/toolchain/arm-none-eabi/bin/../lib/gcc/arm-none-eabi/4.7.2/thumb2/crtend.o

.debug_info     0x0000000000000000     0x1e8f
 .debug_info    0x0000000000000000     0x1a07 src/c/Retro-Thirds-Pebble-Watchface.c.49.o
 .debug_info    0x0000000000001a07      0x31a aplite/appinfo.auto.c.49.o
 .debug_info    0x0000000000001d21       0xa5 aplite/src/resource_ids.auto.c.49.o
 .debug_info    0x0000000000001dc6       0xc9 src/message_keys.auto.c.49.o

.debug_abbrev   0x0000000000000000      0x4a3
 .debug_abbrev  0x0000000000000000      0x37d src/c/Retro-Thirds-Pebble-Watchface.c.49.o
 .debug_abbrev  0x000000000000037d       0x9e aplite/appinfo.auto.c.49.o
 .debug_abbrev  0x000000000000041b       0x44 aplite/src/resource_ids.auto.c.49.o
 .debug_abbrev  0x000000000000045f       0x44 src/message_keys.auto.c.49.o

.debug_loc      0x0000000000000000      0x492
 .debug_loc     0x0000000000000000      0x492 src/c/Retro-Thirds-Pebble-Watchface.c.49.o

.debug_aranges  0x0000000000000000       0xd0
 .debug_aranges
                0x0000000000000000       0x88 src/c/Retro-Thirds-Pebble-Watchface.c.49.o
 .debug_aranges
                0x0000000000000088       0x18 aplite/appinfo.auto.c.49.o
 .debug_aranges
                0x00000000000000a0       0x18 aplite/src/resource_ids.auto.c.49.o
 .debug_aranges
                0x00000000000000b8       0x18 src/message_keys.auto.c.49.o

.debug_ranges   0x0000000000000000       0x90
 .debug_ranges  0x0000000000000000       0x90 src/c/Retro-Thirds-Pebble-Watchface.c.49.o

.debug_line     0x0000000000000000      0x713
 .debug_line    0x0000000000000000      0x456 src/c/Retro-Thirds-Pebble-Watchface.c.49.o
 .debug_line    0x0000000000000456      0x126 aplite/appinfo.auto.c.49.o
 .debug_line    0x000000000000057c       0xcf aplite/src/resource_ids.auto.c.49.o
 .debug_line    0x000000000000064b       0xc8 src/message_keys.auto.c.49.o

.debug_str      0x0000000000000000     0x1183
 .debug_str     0x0000000000000000      0xec6 src/c/Retro-Thirds-Pebble-Watchface.c.49.o
                                        0xf8c (size before relaxing)
 .debug_str     0x0000000000000ec6      0x236 aplite/appinfo.auto.c.49.o
                                        0x337 (size before relaxing)
 .debug_str     0x00000000000010fc       0x6f aplite/src/resource_ids.auto.c.49.o
                                        0x151 (size before relaxing)
 .debug_str     0x000000000000116b       0x18 src/message_keys.auto.c.49.o
                                        0x17a (size before relaxing)

.debug_frame    0x0000000000000000      0x184
 .debug_frame   0x0000000000000000      0x184 src/c/Retro-Thirds-Pebble-Watchface.c.49.o
